


materialPath: D:\games\steamapps\common\GarrysMod\garrysmod\materials
Loading D:\projects\2021\Garrys mod\Stream map\test.vmf
fixing up env_cubemap materials on brush sides...
0...1...2...3...4...5...6...7...8...9...10**** leaked ****
Entity info_player_start (53.09 -312.05 65.00) leaked!
Processing areas...done (0)
Building Faces...done (0)
FixTjuncs...
PruneNodes...
WriteBSP...
done (0)
Creating default LDR cubemaps for env_cubemap using skybox materials:
   skybox/sky_day01_01*.vmt
 ! Run buildcubemaps in the engine to get the correct cube maps.
Creating default HDR cubemaps for env_cubemap using skybox materials:
   skybox/sky_day01_01*.vmt
 ! Run buildcubemaps in the engine to get the correct cube maps.
Finding displacement neighbors...
Finding lightmap sample positions...
Displacement Alpha : 0...1...2...3...4...5...6...7...8...9...10
Building Physics collision data...
done (0) (981 bytes)
Placing detail props : 0...1...2...3...4...5...6...7...8...9...10
Compacting texture/material tables...
Reduced 6 texinfos to 4
Reduced 2 texdatas to 2 (41 bytes to 41)
Writing D:\projects\2021\Garrys mod\Stream map\test.bsp
0 seconds elapsed



12 threads
reading d:\projects\2021\garrys mod\stream map\test.bsp
reading d:\projects\2021\garrys mod\stream map\test.prt
LoadPortals: couldn't read d:\projects\2021\garrys mod\stream map\test.prt



[Reading texlights from 'lights.rad']
[45 texlights parsed from 'lights.rad']

Loading d:\projects\2021\garrys mod\stream map\test.bsp
PREP OK
No vis information, direct lighting only.
16 faces
6769 square feet [974848.00 square inches]
0 Displacements
0 Square Feet [0.00 Square Inches]
0 direct lights
0...1...2...3...4...5...6...7...8...9...10Build Patch/Sample Hash Table(s).....Done<0.0001 sec>
0...1...2...3...4...5...6...7...8...9...10FinalLightFace Done
0 of 0 (0% of) surface lights went in leaf ambient cubes.
0...1...2...3...4...5...6...7...8...9...10Writing leaf ambient...done
Ready to Finish

Object names       Objects/Maxobjs  Memory / Maxmem  Fullness 
------------       ---------------  ---------------  -------- 
models                   1/4096           48/196608   ( 0.0%) 
brushes                  2/16384          24/196608   ( 0.0%) 
brushsides              12/163840         96/1310720  ( 0.0%) 
planes                  40/65536         800/1310720  ( 0.1%) 
vertexes                41/65536         492/786432   ( 0.1%) 
nodes                   43/65536        1376/2097152  ( 0.1%) 
texinfos                 4/12288         288/884736   ( 0.0%) 
texdata                  2/2048           64/65536    ( 0.1%) 
dispinfos                0/0               0/0        ( 0.0%) 
disp_verts               0/0               0/0        ( 0.0%) 
disp_tris                0/0               0/0        ( 0.0%) 
disp_lmsamples           0/0               0/0        ( 0.0%) 
faces                   16/65536         896/3670016  ( 0.0%) 
hdr faces                0/65536           0/3670016  ( 0.0%) 
origfaces                6/65536         336/3670016  ( 0.0%) 
leaves                  45/65536        1440/2097152  ( 0.1%) 
leaffaces               18/65536          36/131072   ( 0.0%) 
leafbrushes              6/65536          12/131072   ( 0.0%) 
areas                    2/1024           16/8192     ( 0.2%) 
surfedges               96/512000        384/2048000  ( 0.0%) 
edges                   49/256000        196/1024000  ( 0.0%) 
LDR worldlights          0/8192            0/720896   ( 0.0%) 
HDR worldlights          0/8192            0/720896   ( 0.0%) 
leafwaterdata            0/32768           0/393216   ( 0.0%) 
waterstrips              2/32768          20/327680   ( 0.0%) 
waterverts               0/65536           0/786432   ( 0.0%) 
waterindices            24/65536          48/131072   ( 0.0%) 
cubemapsamples           0/1024            0/16384    ( 0.0%) 
overlays                 0/1024            0/360448   ( 0.0%) 
LDR lightdata         [variable]       17408/0        ( 0.0%) 
HDR lightdata         [variable]           0/0        ( 0.0%) 
visdata               [variable]           0/16777216 ( 0.0%) 
entdata               [variable]         330/393216   ( 0.1%) 
LDR ambient table       45/65536         180/262144   ( 0.1%) 
HDR ambient table       45/65536         180/262144   ( 0.1%) 
LDR leaf ambient        38/65536        1064/1835008  ( 0.1%) 
HDR leaf ambient        45/65536        1260/1835008  ( 0.1%) 
occluders                0/0               0/0        ( 0.0%) 
occluder polygons        0/0               0/0        ( 0.0%) 
occluder vert ind        0/0               0/0        ( 0.0%) 
detail props          [variable]           1/12       ( 8.3%) 
static props          [variable]           1/12       ( 8.3%) 
pakfile               [variable]      105647/0        ( 0.0%) 
physics               [variable]         981/4194304  ( 0.0%) 
physics terrain       [variable]           2/1048576  ( 0.0%) 

Level flags = 0

Total triangle count: 40
Writing d:\projects\2021\garrys mod\stream map\test.bsp
0 seconds elapsed



materialPath: D:\games\steamapps\common\GarrysMod\garrysmod\materials
Loading D:\projects\2021\Garrys mod\Stream map\test.vmf
Requesting texture value from var "$basetexture" which is not a texture value (material: skybox/sky_day01_01_hdrbk)
fixing up env_cubemap materials on brush sides...
0...1...2...3...4...5...6...7...8...9...10**** leaked ****
Entity info_player_start (53.09 -312.05 65.00) leaked!

FindPortalSide: Couldn't find a good match for which brush to assign to a portal near (1248.0 0.0 1032.0)
Leaf 0 contents: CONTENTS_SOLID 
Leaf 1 contents: 
viscontents (node 0 contents ^ node 1 contents): CONTENTS_SOLID 
This means that none of the brushes in leaf 0 or 1 that touches the portal has CONTENTS_SOLID 
Check for a huge brush enclosing the coordinates above that has contents CONTENTS_SOLID 
Candidate brush IDs: 


FindPortalSide: Couldn't find a good match for which brush to assign to a portal near (1248.0 0.0 -16.0)
Leaf 0 contents: CONTENTS_SOLID 
Leaf 1 contents: 
viscontents (node 0 contents ^ node 1 contents): CONTENTS_SOLID 
This means that none of the brushes in leaf 0 or 1 that touches the portal has CONTENTS_SOLID 
Check for a huge brush enclosing the coordinates above that has contents CONTENTS_SOLID 
Candidate brush IDs: 


FindPortalSide: Couldn't find a good match for which brush to assign to a portal near (1760.0 0.0 988.0)
Leaf 0 contents: CONTENTS_SOLID 
Leaf 1 contents: 
viscontents (node 0 contents ^ node 1 contents): CONTENTS_SOLID 
This means that none of the brushes in leaf 0 or 1 that touches the portal has CONTENTS_SOLID 
Check for a huge brush enclosing the coordinates above that has contents CONTENTS_SOLID 
Candidate brush IDs: 


FindPortalSide: Couldn't find a good match for which brush to assign to a portal near (2048.0 512.0 988.0)
Leaf 0 contents: 
Leaf 1 contents: CONTENTS_SOLID 
viscontents (node 0 contents ^ node 1 contents): CONTENTS_SOLID 
This means that none of the brushes in leaf 0 or 1 that touches the portal has CONTENTS_SOLID 
Check for a huge brush enclosing the coordinates above that has contents CONTENTS_SOLID 
Candidate brush IDs: 


FindPortalSide: Couldn't find a good match for which brush to assign to a portal near (1536.0 1024.0 988.0)
Leaf 0 contents: 
Leaf 1 contents: CONTENTS_SOLID 
viscontents (node 0 contents ^ node 1 contents): CONTENTS_SOLID 
This means that none of the brushes in leaf 0 or 1 that touches the portal has CONTENTS_SOLID 
Check for a huge brush enclosing the coordinates above that has contents CONTENTS_SOLID 
Candidate brush IDs: 


FindPortalSide: Couldn't find a good match for which brush to assign to a portal near (512.0 0.0 1032.0)
Leaf 0 contents: CONTENTS_SOLID 
Leaf 1 contents: 
viscontents (node 0 contents ^ node 1 contents): CONTENTS_SOLID 
This means that none of the brushes in leaf 0 or 1 that touches the portal has CONTENTS_SOLID 
Check for a huge brush enclosing the coordinates above that has contents CONTENTS_SOLID 
Candidate brush IDs: 


FindPortalSide: Couldn't find a good match for which brush to assign to a portal near (512.0 0.0 -16.0)
Leaf 0 contents: CONTENTS_SOLID 
Leaf 1 contents: 
viscontents (node 0 contents ^ node 1 contents): CONTENTS_SOLID 
This means that none of the brushes in leaf 0 or 1 that touches the portal has CONTENTS_SOLID 
Check for a huge brush enclosing the coordinates above that has contents CONTENTS_SOLID 
Candidate brush IDs: 


FindPortalSide: Couldn't find a good match for which brush to assign to a portal near (512.0 1024.0 988.0)
Leaf 0 contents: 
Leaf 1 contents: CONTENTS_SOLID 
viscontents (node 0 contents ^ node 1 contents): CONTENTS_SOLID 
This means that none of the brushes in leaf 0 or 1 that touches the portal has CONTENTS_SOLID 
Check for a huge brush enclosing the coordinates above that has contents CONTENTS_SOLID 
Candidate brush IDs: 

*** Suppressing further FindPortalSide errors.... ***
Processing areas...done (0)
Building Faces...done (0)
FixTjuncs...
PruneNodes...
WriteBSP...
done (0)
Creating default LDR cubemaps for env_cubemap using skybox materials:
   skybox/sky_day01_01*.vmt
 ! Run buildcubemaps in the engine to get the correct cube maps.
Creating default HDR cubemaps for env_cubemap using skybox materials:
   skybox/sky_day01_01*.vmt
 ! Run buildcubemaps in the engine to get the correct cube maps.
Finding displacement neighbors...
Finding lightmap sample positions...
Displacement Alpha : 0...1...2...3...4...5...6...7...8...9...10
Building Physics collision data...
done (0) (2685 bytes)
Placing detail props : 0...1...2...3...4...5...6...7...8...9...10
Compacting texture/material tables...
Reduced 8 texinfos to 8
Reduced 2 texdatas to 2 (49 bytes to 49)
Writing D:\projects\2021\Garrys mod\Stream map\test.bsp
0 seconds elapsed



12 threads
reading d:\projects\2021\garrys mod\stream map\test.bsp
reading d:\projects\2021\garrys mod\stream map\test.prt
LoadPortals: couldn't read d:\projects\2021\garrys mod\stream map\test.prt



[Reading texlights from 'lights.rad']
[45 texlights parsed from 'lights.rad']

Loading d:\projects\2021\garrys mod\stream map\test.bsp
PREP OK
No vis information, direct lighting only.
88 faces
73013 square feet [10513920.00 square inches]
0 Displacements
0 Square Feet [0.00 Square Inches]
0 direct lights
0...1...2...3...4...5...6...7...8...9...10Build Patch/Sample Hash Table(s).....Done<0.0004 sec>
0...1...2...3...4...5...6...7...8...9...10FinalLightFace Done
0 of 0 (0% of) surface lights went in leaf ambient cubes.
0...1...2...3...4...5...6...7...8...9...10Writing leaf ambient...done
Ready to Finish

Object names       Objects/Maxobjs  Memory / Maxmem  Fullness 
------------       ---------------  ---------------  -------- 
models                   1/4096           48/196608   ( 0.0%) 
brushes                  7/16384          84/196608   ( 0.0%) 
brushsides              42/163840        336/1310720  ( 0.0%) 
planes                  52/65536        1040/1310720  ( 0.1%) 
vertexes               101/65536        1212/786432   ( 0.2%) 
nodes                   66/65536        2112/2097152  ( 0.1%) 
texinfos                 8/12288         576/884736   ( 0.1%) 
texdata                  2/2048           64/65536    ( 0.1%) 
dispinfos                0/0               0/0        ( 0.0%) 
disp_verts               0/0               0/0        ( 0.0%) 
disp_tris                0/0               0/0        ( 0.0%) 
disp_lmsamples           0/0               0/0        ( 0.0%) 
faces                   88/65536        4928/3670016  ( 0.1%) 
hdr faces                0/65536           0/3670016  ( 0.0%) 
origfaces               39/65536        2184/3670016  ( 0.1%) 
leaves                  68/65536        2176/2097152  ( 0.1%) 
leaffaces               96/65536         192/131072   ( 0.1%) 
leafbrushes             13/65536          26/131072   ( 0.0%) 
areas                    3/1024           24/8192     ( 0.3%) 
surfedges              530/512000       2120/2048000  ( 0.1%) 
edges                  278/256000       1112/1024000  ( 0.1%) 
LDR worldlights          0/8192            0/720896   ( 0.0%) 
HDR worldlights          0/8192            0/720896   ( 0.0%) 
leafwaterdata            0/32768           0/393216   ( 0.0%) 
waterstrips              5/32768          50/327680   ( 0.0%) 
waterverts               0/65536           0/786432   ( 0.0%) 
waterindices            60/65536         120/131072   ( 0.1%) 
cubemapsamples           0/1024            0/16384    ( 0.0%) 
overlays                 0/1024            0/360448   ( 0.0%) 
LDR lightdata         [variable]       75592/0        ( 0.0%) 
HDR lightdata         [variable]           0/0        ( 0.0%) 
visdata               [variable]           0/16777216 ( 0.0%) 
entdata               [variable]         562/393216   ( 0.1%) 
LDR ambient table       68/65536         272/262144   ( 0.1%) 
HDR ambient table       68/65536         272/262144   ( 0.1%) 
LDR leaf ambient        51/65536        1428/1835008  ( 0.1%) 
HDR leaf ambient        68/65536        1904/1835008  ( 0.1%) 
occluders                0/0               0/0        ( 0.0%) 
occluder polygons        0/0               0/0        ( 0.0%) 
occluder vert ind        0/0               0/0        ( 0.0%) 
detail props          [variable]           1/12       ( 8.3%) 
static props          [variable]           1/12       ( 8.3%) 
pakfile               [variable]      105647/0        ( 0.0%) 
physics               [variable]        2685/4194304  ( 0.1%) 
physics terrain       [variable]           2/1048576  ( 0.0%) 

Level flags = 0

Total triangle count: 198
Writing d:\projects\2021\garrys mod\stream map\test.bsp
0 seconds elapsed



materialPath: D:\games\steamapps\common\GarrysMod\garrysmod\materials
Loading D:\projects\2021\Garrys mod\Stream map\test.vmf
fixing up env_cubemap materials on brush sides...
0...1...2...3...4...5...6...7...8...9...10**** leaked ****
Entity info_player_start (53.09 -312.05 65.00) leaked!

FindPortalSide: Couldn't find a good match for which brush to assign to a portal near (1248.0 0.0 72.0)
Leaf 0 contents: CONTENTS_SOLID 
Leaf 1 contents: 
viscontents (node 0 contents ^ node 1 contents): CONTENTS_SOLID 
This means that none of the brushes in leaf 0 or 1 that touches the portal has CONTENTS_SOLID 
Check for a huge brush enclosing the coordinates above that has contents CONTENTS_SOLID 
Candidate brush IDs: 


FindPortalSide: Couldn't find a good match for which brush to assign to a portal near (1248.0 0.0 -16.0)
Leaf 0 contents: CONTENTS_SOLID 
Leaf 1 contents: 
viscontents (node 0 contents ^ node 1 contents): CONTENTS_SOLID 
This means that none of the brushes in leaf 0 or 1 that touches the portal has CONTENTS_SOLID 
Check for a huge brush enclosing the coordinates above that has contents CONTENTS_SOLID 
Candidate brush IDs: 


FindPortalSide: Couldn't find a good match for which brush to assign to a portal near (1760.0 0.0 28.0)
Leaf 0 contents: CONTENTS_SOLID 
Leaf 1 contents: 
viscontents (node 0 contents ^ node 1 contents): CONTENTS_SOLID 
This means that none of the brushes in leaf 0 or 1 that touches the portal has CONTENTS_SOLID 
Check for a huge brush enclosing the coordinates above that has contents CONTENTS_SOLID 
Candidate brush IDs: 


FindPortalSide: Couldn't find a good match for which brush to assign to a portal near (1536.0 1024.0 28.0)
Leaf 0 contents: 
Leaf 1 contents: CONTENTS_SOLID 
viscontents (node 0 contents ^ node 1 contents): CONTENTS_SOLID 
This means that none of the brushes in leaf 0 or 1 that touches the portal has CONTENTS_SOLID 
Check for a huge brush enclosing the coordinates above that has contents CONTENTS_SOLID 
Candidate brush IDs: 


FindPortalSide: Couldn't find a good match for which brush to assign to a portal near (2048.0 512.0 28.0)
Leaf 0 contents: 
Leaf 1 contents: CONTENTS_SOLID 
viscontents (node 0 contents ^ node 1 contents): CONTENTS_SOLID 
This means that none of the brushes in leaf 0 or 1 that touches the portal has CONTENTS_SOLID 
Check for a huge brush enclosing the coordinates above that has contents CONTENTS_SOLID 
Candidate brush IDs: 


FindPortalSide: Couldn't find a good match for which brush to assign to a portal near (512.0 0.0 72.0)
Leaf 0 contents: CONTENTS_SOLID 
Leaf 1 contents: 
viscontents (node 0 contents ^ node 1 contents): CONTENTS_SOLID 
This means that none of the brushes in leaf 0 or 1 that touches the portal has CONTENTS_SOLID 
Check for a huge brush enclosing the coordinates above that has contents CONTENTS_SOLID 
Candidate brush IDs: 


FindPortalSide: Couldn't find a good match for which brush to assign to a portal near (512.0 0.0 -16.0)
Leaf 0 contents: CONTENTS_SOLID 
Leaf 1 contents: 
viscontents (node 0 contents ^ node 1 contents): CONTENTS_SOLID 
This means that none of the brushes in leaf 0 or 1 that touches the portal has CONTENTS_SOLID 
Check for a huge brush enclosing the coordinates above that has contents CONTENTS_SOLID 
Candidate brush IDs: 


FindPortalSide: Couldn't find a good match for which brush to assign to a portal near (512.0 1024.0 28.0)
Leaf 0 contents: 
Leaf 1 contents: CONTENTS_SOLID 
viscontents (node 0 contents ^ node 1 contents): CONTENTS_SOLID 
This means that none of the brushes in leaf 0 or 1 that touches the portal has CONTENTS_SOLID 
Check for a huge brush enclosing the coordinates above that has contents CONTENTS_SOLID 
Candidate brush IDs: 

*** Suppressing further FindPortalSide errors.... ***
Processing areas...done (0)
Building Faces...done (0)
FixTjuncs...
PruneNodes...
WriteBSP...
done (0)
Creating default LDR cubemaps for env_cubemap using skybox materials:
   skybox/sky_day01_01*.vmt
 ! Run buildcubemaps in the engine to get the correct cube maps.
Creating default HDR cubemaps for env_cubemap using skybox materials:
   skybox/sky_day01_01*.vmt
 ! Run buildcubemaps in the engine to get the correct cube maps.
Finding displacement neighbors...
Finding lightmap sample positions...
Displacement Alpha : 0...1...2...3...4...5...6...7...8...9...10
Building Physics collision data...
done (0) (575 bytes)
Placing detail props : 0...1...2...3...4...5...6...7...8...9...10
Compacting texture/material tables...
Reduced 3 texinfos to 3
Reduced 1 texdatas to 1 (23 bytes to 23)
Writing D:\projects\2021\Garrys mod\Stream map\test.bsp
0 seconds elapsed



12 threads
reading d:\projects\2021\garrys mod\stream map\test.bsp
reading d:\projects\2021\garrys mod\stream map\test.prt
LoadPortals: couldn't read d:\projects\2021\garrys mod\stream map\test.prt



[Reading texlights from 'lights.rad']
[45 texlights parsed from 'lights.rad']

Loading d:\projects\2021\garrys mod\stream map\test.bsp
PREP OK
No vis information, direct lighting only.
41 faces
30232 square feet [4353536.00 square inches]
0 Displacements
0 Square Feet [0.00 Square Inches]
0 direct lights
0...1...2...3...4...5...6...7...8...9...10Build Patch/Sample Hash Table(s).....Done<0.0004 sec>
0...1...2...3...4...5...6...7...8...9...10FinalLightFace Done
0 of 0 (0% of) surface lights went in leaf ambient cubes.
0...1...2...3...4...5...6...7...8...9...10Writing leaf ambient...done
Ready to Finish

Object names       Objects/Maxobjs  Memory / Maxmem  Fullness 
------------       ---------------  ---------------  -------- 
models                   1/4096           48/196608   ( 0.0%) 
brushes                  1/16384          12/196608   ( 0.0%) 
brushsides               6/163840         48/1310720  ( 0.0%) 
planes                  26/65536         520/1310720  ( 0.0%) 
vertexes                57/65536         684/786432   ( 0.1%) 
nodes                   27/65536         864/2097152  ( 0.0%) 
texinfos                 3/12288         216/884736   ( 0.0%) 
texdata                  1/2048           32/65536    ( 0.0%) 
dispinfos                0/0               0/0        ( 0.0%) 
disp_verts               0/0               0/0        ( 0.0%) 
disp_tris                0/0               0/0        ( 0.0%) 
disp_lmsamples           0/0               0/0        ( 0.0%) 
faces                   41/65536        2296/3670016  ( 0.1%) 
hdr faces                0/65536           0/3670016  ( 0.0%) 
origfaces                5/65536         280/3670016  ( 0.0%) 
leaves                  29/65536         928/2097152  ( 0.0%) 
leaffaces               41/65536          82/131072   ( 0.1%) 
leafbrushes              3/65536           6/131072   ( 0.0%) 
areas                    2/1024           16/8192     ( 0.2%) 
surfedges              200/512000        800/2048000  ( 0.0%) 
edges                  109/256000        436/1024000  ( 0.0%) 
LDR worldlights          0/8192            0/720896   ( 0.0%) 
HDR worldlights          0/8192            0/720896   ( 0.0%) 
leafwaterdata            0/32768           0/393216   ( 0.0%) 
waterstrips              4/32768          40/327680   ( 0.0%) 
waterverts               0/65536           0/786432   ( 0.0%) 
waterindices            48/65536          96/131072   ( 0.1%) 
cubemapsamples           0/1024            0/16384    ( 0.0%) 
overlays                 0/1024            0/360448   ( 0.0%) 
LDR lightdata         [variable]       75620/0        ( 0.0%) 
HDR lightdata         [variable]           0/0        ( 0.0%) 
visdata               [variable]           0/16777216 ( 0.0%) 
entdata               [variable]         333/393216   ( 0.1%) 
LDR ambient table       29/65536         116/262144   ( 0.0%) 
HDR ambient table       29/65536         116/262144   ( 0.0%) 
LDR leaf ambient        22/65536         616/1835008  ( 0.0%) 
HDR leaf ambient        29/65536         812/1835008  ( 0.0%) 
occluders                0/0               0/0        ( 0.0%) 
occluder polygons        0/0               0/0        ( 0.0%) 
occluder vert ind        0/0               0/0        ( 0.0%) 
detail props          [variable]           1/12       ( 8.3%) 
static props          [variable]           1/12       ( 8.3%) 
pakfile               [variable]      105647/0        ( 0.0%) 
physics               [variable]         575/4194304  ( 0.0%) 
physics terrain       [variable]           2/1048576  ( 0.0%) 

Level flags = 0

Total triangle count: 98
Writing d:\projects\2021\garrys mod\stream map\test.bsp
0 seconds elapsed



materialPath: D:\games\steamapps\common\GarrysMod\garrysmod\materials
Loading D:\projects\2021\Garrys mod\Stream map\test.vmf
fixing up env_cubemap materials on brush sides...
0...1...2...3...4...5...6...7...8...9...100...1...2...3...4...5...6...7...8...9...10Processing areas...done (0)
Building Faces...done (0)
FixTjuncs...
PruneNodes...
WriteBSP...
done (0)
writing D:\projects\2021\Garrys mod\Stream map\test.prt...Building visibility clusters...
done (0)
Creating default LDR cubemaps for env_cubemap using skybox materials:
   skybox/sky_day01_01*.vmt
 ! Run buildcubemaps in the engine to get the correct cube maps.
Creating default HDR cubemaps for env_cubemap using skybox materials:
   skybox/sky_day01_01*.vmt
 ! Run buildcubemaps in the engine to get the correct cube maps.
Finding displacement neighbors...
Finding lightmap sample positions...
Displacement Alpha : 0...1...2...3...4...5...6...7...8...9...10
Building Physics collision data...
done (0) (5171 bytes)
Placing detail props : 0...1...2...3...4...5...6...7...8...9...10
Compacting texture/material tables...
Reduced 14 texinfos to 9
Reduced 5 texdatas to 4 (115 bytes to 81)
Writing D:\projects\2021\Garrys mod\Stream map\test.bsp
0 seconds elapsed



12 threads
reading d:\projects\2021\garrys mod\stream map\test.bsp
reading d:\projects\2021\garrys mod\stream map\test.prt
  38 portalclusters
  92 numportals
0...1...2...3...4...5...6...7...8...9...100...1...2...3...4...5...6...7...8...9...10Optimized: 1 visible clusters (0.08%)
Total clusters visible: 1179
Average clusters visible: 31
Building PAS...
Average clusters audible: 38
visdatasize:689  compressed from 608
writing d:\projects\2021\garrys mod\stream map\test.bsp
0 seconds elapsed



[Reading texlights from 'lights.rad']
[45 texlights parsed from 'lights.rad']

Loading d:\projects\2021\garrys mod\stream map\test.bsp
PREP OK
153 faces
275092 square feet [39613364.00 square inches]
0 Displacements
0 Square Feet [0.00 Square Inches]
153 patches before subdivision
8163 patches after subdivision
0 direct lights
0...1...2...3...4...5...6...7...8...9...100...1...2...3...4...5...6...7...8...9...10transfers 145972, max 207
transfer lists:   1.1 megs
0...1...2...3...4...5...6...7...8...9...10	Bounce #1 added RGB(0, 0, 0)
Build Patch/Sample Hash Table(s).....Done<0.0014 sec>
0...1...2...3...4...5...6...7...8...9...10FinalLightFace Done
0 of 0 (0% of) surface lights went in leaf ambient cubes.
0...1...2...3...4...5...6...7...8...9...10Writing leaf ambient...done
Ready to Finish

Object names       Objects/Maxobjs  Memory / Maxmem  Fullness 
------------       ---------------  ---------------  -------- 
models                   1/4096           48/196608   ( 0.0%) 
brushes                 14/16384         168/196608   ( 0.1%) 
brushsides              86/163840        688/1310720  ( 0.1%) 
planes                  86/65536        1720/1310720  ( 0.1%) 
vertexes               226/65536        2712/786432   ( 0.3%) 
nodes                  107/65536        3424/2097152  ( 0.2%) 
texinfos                 9/12288         648/884736   ( 0.1%) 
texdata                  4/2048          128/65536    ( 0.2%) 
dispinfos                0/0               0/0        ( 0.0%) 
disp_verts               0/0               0/0        ( 0.0%) 
disp_tris                0/0               0/0        ( 0.0%) 
disp_lmsamples           0/0               0/0        ( 0.0%) 
faces                  153/65536        8568/3670016  ( 0.2%) 
hdr faces                0/65536           0/3670016  ( 0.0%) 
origfaces               33/65536        1848/3670016  ( 0.1%) 
leaves                 109/65536        3488/2097152  ( 0.2%) 
leaffaces              173/65536         346/131072   ( 0.3%) 
leafbrushes             57/65536         114/131072   ( 0.1%) 
areas                    2/1024           16/8192     ( 0.2%) 
surfedges              810/512000       3240/2048000  ( 0.2%) 
edges                  442/256000       1768/1024000  ( 0.2%) 
LDR worldlights          0/8192            0/720896   ( 0.0%) 
HDR worldlights          0/8192            0/720896   ( 0.0%) 
leafwaterdata            0/32768           0/393216   ( 0.0%) 
waterstrips             12/32768         120/327680   ( 0.0%) 
waterverts               0/65536           0/786432   ( 0.0%) 
waterindices           147/65536         294/131072   ( 0.2%) 
cubemapsamples           0/1024            0/16384    ( 0.0%) 
overlays                 0/1024            0/360448   ( 0.0%) 
LDR lightdata         [variable]      232648/0        ( 0.0%) 
HDR lightdata         [variable]           0/0        ( 0.0%) 
visdata               [variable]         689/16777216 ( 0.0%) 
entdata               [variable]         334/393216   ( 0.1%) 
LDR ambient table      109/65536         436/262144   ( 0.2%) 
HDR ambient table      109/65536         436/262144   ( 0.2%) 
LDR leaf ambient        38/65536        1064/1835008  ( 0.1%) 
HDR leaf ambient       109/65536        3052/1835008  ( 0.2%) 
occluders                0/0               0/0        ( 0.0%) 
occluder polygons        0/0               0/0        ( 0.0%) 
occluder vert ind        0/0               0/0        ( 0.0%) 
detail props          [variable]           1/12       ( 8.3%) 
static props          [variable]           1/12       ( 8.3%) 
pakfile               [variable]      211493/0        ( 0.0%) 
physics               [variable]        5171/4194304  ( 0.1%) 
physics terrain       [variable]           2/1048576  ( 0.0%) 

Level flags = 0

Total triangle count: 374
Writing d:\projects\2021\garrys mod\stream map\test.bsp
0 seconds elapsed



materialPath: D:\games\steamapps\common\GarrysMod\garrysmod\materials
Loading D:\projects\2021\Garrys mod\Stream map\test.vmf
fixing up env_cubemap materials on brush sides...
0...1...2...3...4...5...6...7...8...9...100...1...2...3...4...5...6...7...8...9...10Processing areas...done (0)
Building Faces...done (0)
FixTjuncs...
PruneNodes...
WriteBSP...
done (0)
writing D:\projects\2021\Garrys mod\Stream map\test.prt...Building visibility clusters...
done (0)
Creating default LDR cubemaps for env_cubemap using skybox materials:
   skybox/sky_day01_01*.vmt
 ! Run buildcubemaps in the engine to get the correct cube maps.
Creating default HDR cubemaps for env_cubemap using skybox materials:
   skybox/sky_day01_01*.vmt
 ! Run buildcubemaps in the engine to get the correct cube maps.
Finding displacement neighbors...
Finding lightmap sample positions...
Displacement Alpha : 0...1...2...3...4...5...6...7...8...9...10
Building Physics collision data...
done (0) (5171 bytes)
Placing detail props : 0...1...2...3...4...5...6...7...8...9...10
Compacting texture/material tables...
Reduced 14 texinfos to 9
Reduced 5 texdatas to 4 (115 bytes to 81)
Writing D:\projects\2021\Garrys mod\Stream map\test.bsp
0 seconds elapsed



12 threads
reading d:\projects\2021\garrys mod\stream map\test.bsp
reading d:\projects\2021\garrys mod\stream map\test.prt
  38 portalclusters
  92 numportals
0...1...2...3...4...5...6...7...8...9...100...1...2...3...4...5...6...7...8...9...10Optimized: 1 visible clusters (0.08%)
Total clusters visible: 1179
Average clusters visible: 31
Building PAS...
Average clusters audible: 38
visdatasize:689  compressed from 608
writing d:\projects\2021\garrys mod\stream map\test.bsp
0 seconds elapsed



[Reading texlights from 'lights.rad']
[45 texlights parsed from 'lights.rad']

Loading d:\projects\2021\garrys mod\stream map\test.bsp
PREP OK
153 faces
275092 square feet [39613364.00 square inches]
0 Displacements
0 Square Feet [0.00 Square Inches]
153 patches before subdivision
8163 patches after subdivision
0 direct lights
0...1...2...3...4...5...6...7...8...9...100...1...2...3...4...5...6...7...8...9...10transfers 144239, max 207
transfer lists:   1.1 megs
0...1...2...3...4...5...6...7...8...9...10	Bounce #1 added RGB(0, 0, 0)
Build Patch/Sample Hash Table(s).....Done<0.0013 sec>
0...1...2...3...4...5...6...7...8...9...10FinalLightFace Done
0 of 0 (0% of) surface lights went in leaf ambient cubes.
0...1...2...3...4...5...6...7...8...9...10Writing leaf ambient...done
Ready to Finish

Object names       Objects/Maxobjs  Memory / Maxmem  Fullness 
------------       ---------------  ---------------  -------- 
models                   1/4096           48/196608   ( 0.0%) 
brushes                 14/16384         168/196608   ( 0.1%) 
brushsides              86/163840        688/1310720  ( 0.1%) 
planes                  86/65536        1720/1310720  ( 0.1%) 
vertexes               226/65536        2712/786432   ( 0.3%) 
nodes                  107/65536        3424/2097152  ( 0.2%) 
texinfos                 9/12288         648/884736   ( 0.1%) 
texdata                  4/2048          128/65536    ( 0.2%) 
dispinfos                0/0               0/0        ( 0.0%) 
disp_verts               0/0               0/0        ( 0.0%) 
disp_tris                0/0               0/0        ( 0.0%) 
disp_lmsamples           0/0               0/0        ( 0.0%) 
faces                  153/65536        8568/3670016  ( 0.2%) 
hdr faces                0/65536           0/3670016  ( 0.0%) 
origfaces               33/65536        1848/3670016  ( 0.1%) 
leaves                 109/65536        3488/2097152  ( 0.2%) 
leaffaces              173/65536         346/131072   ( 0.3%) 
leafbrushes             57/65536         114/131072   ( 0.1%) 
areas                    2/1024           16/8192     ( 0.2%) 
surfedges              810/512000       3240/2048000  ( 0.2%) 
edges                  442/256000       1768/1024000  ( 0.2%) 
LDR worldlights          0/8192            0/720896   ( 0.0%) 
HDR worldlights          0/8192            0/720896   ( 0.0%) 
leafwaterdata            0/32768           0/393216   ( 0.0%) 
waterstrips             12/32768         120/327680   ( 0.0%) 
waterverts               0/65536           0/786432   ( 0.0%) 
waterindices           147/65536         294/131072   ( 0.2%) 
cubemapsamples           0/1024            0/16384    ( 0.0%) 
overlays                 0/1024            0/360448   ( 0.0%) 
LDR lightdata         [variable]      232648/0        ( 0.0%) 
HDR lightdata         [variable]           0/0        ( 0.0%) 
visdata               [variable]         689/16777216 ( 0.0%) 
entdata               [variable]         710/393216   ( 0.2%) 
LDR ambient table      109/65536         436/262144   ( 0.2%) 
HDR ambient table      109/65536         436/262144   ( 0.2%) 
LDR leaf ambient        38/65536        1064/1835008  ( 0.1%) 
HDR leaf ambient       109/65536        3052/1835008  ( 0.2%) 
occluders                0/0               0/0        ( 0.0%) 
occluder polygons        0/0               0/0        ( 0.0%) 
occluder vert ind        0/0               0/0        ( 0.0%) 
detail props          [variable]           1/12       ( 8.3%) 
static props          [variable]           1/408      ( 0.2%) 
pakfile               [variable]      211493/0        ( 0.0%) 
physics               [variable]        5171/4194304  ( 0.1%) 
physics terrain       [variable]           2/1048576  ( 0.0%) 

Level flags = 0

Total triangle count: 374
Writing d:\projects\2021\garrys mod\stream map\test.bsp
0 seconds elapsed



materialPath: D:\games\steamapps\common\GarrysMod\garrysmod\materials
Loading D:\projects\2021\Garrys mod\Stream map\test.vmf
fixing up env_cubemap materials on brush sides...
0...1...2...3...4...5...6...7...8...9...100...1...2...3...4...5...6...7...8...9...10Processing areas...done (0)
Building Faces...done (0)
FixTjuncs...
PruneNodes...
WriteBSP...
done (0)
writing D:\projects\2021\Garrys mod\Stream map\test.prt...Building visibility clusters...
done (0)
Creating default LDR cubemaps for env_cubemap using skybox materials:
   skybox/sky_day01_01*.vmt
 ! Run buildcubemaps in the engine to get the correct cube maps.
Creating default HDR cubemaps for env_cubemap using skybox materials:
   skybox/sky_day01_01*.vmt
 ! Run buildcubemaps in the engine to get the correct cube maps.
Finding displacement neighbors...
Finding lightmap sample positions...
Displacement Alpha : 0...1...2...3...4...5...6...7...8...9...10
Building Physics collision data...
done (0) (5171 bytes)
Placing detail props : 0...1...2...3...4...5...6...7...8...9...10
Compacting texture/material tables...
Reduced 14 texinfos to 9
Reduced 5 texdatas to 4 (115 bytes to 81)
Writing D:\projects\2021\Garrys mod\Stream map\test.bsp
0 seconds elapsed



12 threads
reading d:\projects\2021\garrys mod\stream map\test.bsp
reading d:\projects\2021\garrys mod\stream map\test.prt
  38 portalclusters
  92 numportals
0...1...2...3...4...5...6...7...8...9...100...1...2...3...4...5...6...7...8...9...10Optimized: 1 visible clusters (0.08%)
Total clusters visible: 1179
Average clusters visible: 31
Building PAS...
Average clusters audible: 38
visdatasize:689  compressed from 608
writing d:\projects\2021\garrys mod\stream map\test.bsp
0 seconds elapsed



[Reading texlights from 'lights.rad']
[45 texlights parsed from 'lights.rad']

Loading d:\projects\2021\garrys mod\stream map\test.bsp
PREP OK
153 faces
275092 square feet [39613364.00 square inches]
0 Displacements
0 Square Feet [0.00 Square Inches]
153 patches before subdivision
8163 patches after subdivision
0 direct lights
0...1...2...3...4...5...6...7...8...9...100...1...2...3...4...5...6...7...8...9...10transfers 144352, max 207
transfer lists:   1.1 megs
0...1...2...3...4...5...6...7...8...9...10	Bounce #1 added RGB(0, 0, 0)
Build Patch/Sample Hash Table(s).....Done<0.0013 sec>
0...1...2...3...4...5...6...7...8...9...10FinalLightFace Done
0 of 0 (0% of) surface lights went in leaf ambient cubes.
0...1...2...3...4...5...6...7...8...9...10Writing leaf ambient...done
Ready to Finish

Object names       Objects/Maxobjs  Memory / Maxmem  Fullness 
------------       ---------------  ---------------  -------- 
models                   1/4096           48/196608   ( 0.0%) 
brushes                 14/16384         168/196608   ( 0.1%) 
brushsides              86/163840        688/1310720  ( 0.1%) 
planes                  86/65536        1720/1310720  ( 0.1%) 
vertexes               226/65536        2712/786432   ( 0.3%) 
nodes                  107/65536        3424/2097152  ( 0.2%) 
texinfos                 9/12288         648/884736   ( 0.1%) 
texdata                  4/2048          128/65536    ( 0.2%) 
dispinfos                0/0               0/0        ( 0.0%) 
disp_verts               0/0               0/0        ( 0.0%) 
disp_tris                0/0               0/0        ( 0.0%) 
disp_lmsamples           0/0               0/0        ( 0.0%) 
faces                  153/65536        8568/3670016  ( 0.2%) 
hdr faces                0/65536           0/3670016  ( 0.0%) 
origfaces               33/65536        1848/3670016  ( 0.1%) 
leaves                 109/65536        3488/2097152  ( 0.2%) 
leaffaces              173/65536         346/131072   ( 0.3%) 
leafbrushes             57/65536         114/131072   ( 0.1%) 
areas                    2/1024           16/8192     ( 0.2%) 
surfedges              810/512000       3240/2048000  ( 0.2%) 
edges                  442/256000       1768/1024000  ( 0.2%) 
LDR worldlights          0/8192            0/720896   ( 0.0%) 
HDR worldlights          0/8192            0/720896   ( 0.0%) 
leafwaterdata            0/32768           0/393216   ( 0.0%) 
waterstrips             12/32768         120/327680   ( 0.0%) 
waterverts               0/65536           0/786432   ( 0.0%) 
waterindices           147/65536         294/131072   ( 0.2%) 
cubemapsamples           0/1024            0/16384    ( 0.0%) 
overlays                 0/1024            0/360448   ( 0.0%) 
LDR lightdata         [variable]      232648/0        ( 0.0%) 
HDR lightdata         [variable]           0/0        ( 0.0%) 
visdata               [variable]         689/16777216 ( 0.0%) 
entdata               [variable]         873/393216   ( 0.2%) 
LDR ambient table      109/65536         436/262144   ( 0.2%) 
HDR ambient table      109/65536         436/262144   ( 0.2%) 
LDR leaf ambient        38/65536        1064/1835008  ( 0.1%) 
HDR leaf ambient       109/65536        3052/1835008  ( 0.2%) 
occluders                0/0               0/0        ( 0.0%) 
occluder polygons        0/0               0/0        ( 0.0%) 
occluder vert ind        0/0               0/0        ( 0.0%) 
detail props          [variable]           1/12       ( 8.3%) 
static props          [variable]           1/408      ( 0.2%) 
pakfile               [variable]      211493/0        ( 0.0%) 
physics               [variable]        5171/4194304  ( 0.1%) 
physics terrain       [variable]           2/1048576  ( 0.0%) 

Level flags = 0

Total triangle count: 374
Writing d:\projects\2021\garrys mod\stream map\test.bsp
0 seconds elapsed



materialPath: D:\games\steamapps\common\GarrysMod\garrysmod\materials
Loading D:\projects\2021\Garrys mod\Stream map\test.vmf
fixing up env_cubemap materials on brush sides...
0...1...2...3...4...5...6...7...8...9...100...1...2...3...4...5...6...7...8...9...10Processing areas...done (0)
Building Faces...done (0)
FixTjuncs...
PruneNodes...
WriteBSP...
done (0)
writing D:\projects\2021\Garrys mod\Stream map\test.prt...Building visibility clusters...
done (0)
Creating default LDR cubemaps for env_cubemap using skybox materials:
   skybox/sky_day01_01*.vmt
 ! Run buildcubemaps in the engine to get the correct cube maps.
Creating default HDR cubemaps for env_cubemap using skybox materials:
   skybox/sky_day01_01*.vmt
 ! Run buildcubemaps in the engine to get the correct cube maps.
Finding displacement neighbors...
Finding lightmap sample positions...
Displacement Alpha : 0...1...2...3...4...5...6...7...8...9...10
Building Physics collision data...
done (0) (5171 bytes)
Placing detail props : 0...1...2...3...4...5...6...7...8...9...10
Compacting texture/material tables...
Reduced 14 texinfos to 9
Reduced 5 texdatas to 4 (115 bytes to 81)
Writing D:\projects\2021\Garrys mod\Stream map\test.bsp
0 seconds elapsed



12 threads
reading d:\projects\2021\garrys mod\stream map\test.bsp
reading d:\projects\2021\garrys mod\stream map\test.prt
  38 portalclusters
  92 numportals
0...1...2...3...4...5...6...7...8...9...100...1...2...3...4...5...6...7...8...9...10Optimized: 1 visible clusters (0.08%)
Total clusters visible: 1179
Average clusters visible: 31
Building PAS...
Average clusters audible: 38
visdatasize:689  compressed from 608
writing d:\projects\2021\garrys mod\stream map\test.bsp
0 seconds elapsed



[Reading texlights from 'lights.rad']
[45 texlights parsed from 'lights.rad']

Loading d:\projects\2021\garrys mod\stream map\test.bsp
PREP OK
153 faces
275092 square feet [39613364.00 square inches]
0 Displacements
0 Square Feet [0.00 Square Inches]
153 patches before subdivision
8163 patches after subdivision
0 direct lights
0...1...2...3...4...5...6...7...8...9...100...1...2...3...4...5...6...7...8...9...10transfers 144352, max 207
transfer lists:   1.1 megs
0...1...2...3...4...5...6...7...8...9...10	Bounce #1 added RGB(0, 0, 0)
Build Patch/Sample Hash Table(s).....Done<0.0013 sec>
0...1...2...3...4...5...6...7...8...9...10FinalLightFace Done
0 of 0 (0% of) surface lights went in leaf ambient cubes.
0...1...2...3...4...5...6...7...8...9...10Writing leaf ambient...done
Ready to Finish

Object names       Objects/Maxobjs  Memory / Maxmem  Fullness 
------------       ---------------  ---------------  -------- 
models                   1/4096           48/196608   ( 0.0%) 
brushes                 14/16384         168/196608   ( 0.1%) 
brushsides              86/163840        688/1310720  ( 0.1%) 
planes                  86/65536        1720/1310720  ( 0.1%) 
vertexes               226/65536        2712/786432   ( 0.3%) 
nodes                  107/65536        3424/2097152  ( 0.2%) 
texinfos                 9/12288         648/884736   ( 0.1%) 
texdata                  4/2048          128/65536    ( 0.2%) 
dispinfos                0/0               0/0        ( 0.0%) 
disp_verts               0/0               0/0        ( 0.0%) 
disp_tris                0/0               0/0        ( 0.0%) 
disp_lmsamples           0/0               0/0        ( 0.0%) 
faces                  153/65536        8568/3670016  ( 0.2%) 
hdr faces                0/65536           0/3670016  ( 0.0%) 
origfaces               33/65536        1848/3670016  ( 0.1%) 
leaves                 109/65536        3488/2097152  ( 0.2%) 
leaffaces              173/65536         346/131072   ( 0.3%) 
leafbrushes             57/65536         114/131072   ( 0.1%) 
areas                    2/1024           16/8192     ( 0.2%) 
surfedges              810/512000       3240/2048000  ( 0.2%) 
edges                  442/256000       1768/1024000  ( 0.2%) 
LDR worldlights          0/8192            0/720896   ( 0.0%) 
HDR worldlights          0/8192            0/720896   ( 0.0%) 
leafwaterdata            0/32768           0/393216   ( 0.0%) 
waterstrips             12/32768         120/327680   ( 0.0%) 
waterverts               0/65536           0/786432   ( 0.0%) 
waterindices           147/65536         294/131072   ( 0.2%) 
cubemapsamples           0/1024            0/16384    ( 0.0%) 
overlays                 0/1024            0/360448   ( 0.0%) 
LDR lightdata         [variable]      232648/0        ( 0.0%) 
HDR lightdata         [variable]           0/0        ( 0.0%) 
visdata               [variable]         689/16777216 ( 0.0%) 
entdata               [variable]         917/393216   ( 0.2%) 
LDR ambient table      109/65536         436/262144   ( 0.2%) 
HDR ambient table      109/65536         436/262144   ( 0.2%) 
LDR leaf ambient        38/65536        1064/1835008  ( 0.1%) 
HDR leaf ambient       109/65536        3052/1835008  ( 0.2%) 
occluders                0/0               0/0        ( 0.0%) 
occluder polygons        0/0               0/0        ( 0.0%) 
occluder vert ind        0/0               0/0        ( 0.0%) 
detail props          [variable]           1/12       ( 8.3%) 
static props          [variable]           1/408      ( 0.2%) 
pakfile               [variable]      211493/0        ( 0.0%) 
physics               [variable]        5171/4194304  ( 0.1%) 
physics terrain       [variable]           2/1048576  ( 0.0%) 

Level flags = 0

Total triangle count: 374
Writing d:\projects\2021\garrys mod\stream map\test.bsp
0 seconds elapsed



materialPath: D:\games\steamapps\common\GarrysMod\garrysmod\materials
Loading D:\projects\2021\Garrys mod\Stream map\test.vmf
fixing up env_cubemap materials on brush sides...
0...1...2...3...4...5...6...7...8...9...100...1...2...3...4...5...6...7...8...9...10Processing areas...done (0)
Building Faces...done (0)
FixTjuncs...
PruneNodes...
WriteBSP...
done (0)
writing D:\projects\2021\Garrys mod\Stream map\test.prt...Building visibility clusters...
done (0)
Creating default LDR cubemaps for env_cubemap using skybox materials:
   skybox/sky_day01_01*.vmt
 ! Run buildcubemaps in the engine to get the correct cube maps.
Creating default HDR cubemaps for env_cubemap using skybox materials:
   skybox/sky_day01_01*.vmt
 ! Run buildcubemaps in the engine to get the correct cube maps.
Finding displacement neighbors...
Finding lightmap sample positions...
Displacement Alpha : 0...1...2...3...4...5...6...7...8...9...10
Building Physics collision data...
done (0) (5171 bytes)
Placing detail props : 0...1...2...3...4...5...6...7...8...9...10
Compacting texture/material tables...
Reduced 14 texinfos to 9
Reduced 5 texdatas to 4 (115 bytes to 81)
Writing D:\projects\2021\Garrys mod\Stream map\test.bsp
0 seconds elapsed



12 threads
reading d:\projects\2021\garrys mod\stream map\test.bsp
reading d:\projects\2021\garrys mod\stream map\test.prt
  38 portalclusters
  92 numportals
0...1...2...3...4...5...6...7...8...9...100...1...2...3...4...5...6...7...8...9...10Optimized: 1 visible clusters (0.08%)
Total clusters visible: 1179
Average clusters visible: 31
Building PAS...
Average clusters audible: 38
visdatasize:689  compressed from 608
writing d:\projects\2021\garrys mod\stream map\test.bsp
0 seconds elapsed



[Reading texlights from 'lights.rad']
[45 texlights parsed from 'lights.rad']

Loading d:\projects\2021\garrys mod\stream map\test.bsp
PREP OK
153 faces
275092 square feet [39613364.00 square inches]
0 Displacements
0 Square Feet [0.00 Square Inches]
153 patches before subdivision
8163 patches after subdivision
0 direct lights
0...1...2...3...4...5...6...7...8...9...100...1...2...3...4...5...6...7...8...9...10transfers 144352, max 207
transfer lists:   1.1 megs
0...1...2...3...4...5...6...7...8...9...10	Bounce #1 added RGB(0, 0, 0)
Build Patch/Sample Hash Table(s).....Done<0.0013 sec>
0...1...2...3...4...5...6...7...8...9...10FinalLightFace Done
0 of 0 (0% of) surface lights went in leaf ambient cubes.
0...1...2...3...4...5...6...7...8...9...10Writing leaf ambient...done
Ready to Finish

Object names       Objects/Maxobjs  Memory / Maxmem  Fullness 
------------       ---------------  ---------------  -------- 
models                   1/4096           48/196608   ( 0.0%) 
brushes                 14/16384         168/196608   ( 0.1%) 
brushsides              86/163840        688/1310720  ( 0.1%) 
planes                  86/65536        1720/1310720  ( 0.1%) 
vertexes               226/65536        2712/786432   ( 0.3%) 
nodes                  107/65536        3424/2097152  ( 0.2%) 
texinfos                 9/12288         648/884736   ( 0.1%) 
texdata                  4/2048          128/65536    ( 0.2%) 
dispinfos                0/0               0/0        ( 0.0%) 
disp_verts               0/0               0/0        ( 0.0%) 
disp_tris                0/0               0/0        ( 0.0%) 
disp_lmsamples           0/0               0/0        ( 0.0%) 
faces                  153/65536        8568/3670016  ( 0.2%) 
hdr faces                0/65536           0/3670016  ( 0.0%) 
origfaces               33/65536        1848/3670016  ( 0.1%) 
leaves                 109/65536        3488/2097152  ( 0.2%) 
leaffaces              173/65536         346/131072   ( 0.3%) 
leafbrushes             57/65536         114/131072   ( 0.1%) 
areas                    2/1024           16/8192     ( 0.2%) 
surfedges              810/512000       3240/2048000  ( 0.2%) 
edges                  442/256000       1768/1024000  ( 0.2%) 
LDR worldlights          0/8192            0/720896   ( 0.0%) 
HDR worldlights          0/8192            0/720896   ( 0.0%) 
leafwaterdata            0/32768           0/393216   ( 0.0%) 
waterstrips             12/32768         120/327680   ( 0.0%) 
waterverts               0/65536           0/786432   ( 0.0%) 
waterindices           147/65536         294/131072   ( 0.2%) 
cubemapsamples           0/1024            0/16384    ( 0.0%) 
overlays                 0/1024            0/360448   ( 0.0%) 
LDR lightdata         [variable]      232648/0        ( 0.0%) 
HDR lightdata         [variable]           0/0        ( 0.0%) 
visdata               [variable]         689/16777216 ( 0.0%) 
entdata               [variable]         919/393216   ( 0.2%) 
LDR ambient table      109/65536         436/262144   ( 0.2%) 
HDR ambient table      109/65536         436/262144   ( 0.2%) 
LDR leaf ambient        38/65536        1064/1835008  ( 0.1%) 
HDR leaf ambient       109/65536        3052/1835008  ( 0.2%) 
occluders                0/0               0/0        ( 0.0%) 
occluder polygons        0/0               0/0        ( 0.0%) 
occluder vert ind        0/0               0/0        ( 0.0%) 
detail props          [variable]           1/12       ( 8.3%) 
static props          [variable]           1/408      ( 0.2%) 
pakfile               [variable]      211493/0        ( 0.0%) 
physics               [variable]        5171/4194304  ( 0.1%) 
physics terrain       [variable]           2/1048576  ( 0.0%) 

Level flags = 0

Total triangle count: 374
Writing d:\projects\2021\garrys mod\stream map\test.bsp
0 seconds elapsed



materialPath: D:\games\steamapps\common\GarrysMod\garrysmod\materials
Loading D:\projects\2021\Garrys mod\Stream map\test.vmf
fixing up env_cubemap materials on brush sides...
0...1...2...3...4...5...6...7...8...9...100...1...2...3...4...5...6...7...8...9...10Processing areas...done (0)
Building Faces...done (0)
FixTjuncs...
PruneNodes...
WriteBSP...
done (0)
writing D:\projects\2021\Garrys mod\Stream map\test.prt...Building visibility clusters...
done (0)
Creating default LDR cubemaps for env_cubemap using skybox materials:
   skybox/sky_day01_01*.vmt
 ! Run buildcubemaps in the engine to get the correct cube maps.
Creating default HDR cubemaps for env_cubemap using skybox materials:
   skybox/sky_day01_01*.vmt
 ! Run buildcubemaps in the engine to get the correct cube maps.
Finding displacement neighbors...
Finding lightmap sample positions...
Displacement Alpha : 0...1...2...3...4...5...6...7...8...9...10
Building Physics collision data...
done (0) (5171 bytes)
Placing detail props : 0...1...2...3...4...5...6...7...8...9...10
Compacting texture/material tables...
Reduced 14 texinfos to 9
Reduced 5 texdatas to 4 (115 bytes to 81)
Writing D:\projects\2021\Garrys mod\Stream map\test.bsp
0 seconds elapsed



12 threads
reading d:\projects\2021\garrys mod\stream map\test.bsp
reading d:\projects\2021\garrys mod\stream map\test.prt
  38 portalclusters
  92 numportals
0...1...2...3...4...5...6...7...8...9...100...1...2...3...4...5...6...7...8...9...10Optimized: 1 visible clusters (0.08%)
Total clusters visible: 1179
Average clusters visible: 31
Building PAS...
Average clusters audible: 38
visdatasize:689  compressed from 608
writing d:\projects\2021\garrys mod\stream map\test.bsp
0 seconds elapsed



[Reading texlights from 'lights.rad']
[45 texlights parsed from 'lights.rad']

Loading d:\projects\2021\garrys mod\stream map\test.bsp
PREP OK
153 faces
275092 square feet [39613364.00 square inches]
0 Displacements
0 Square Feet [0.00 Square Inches]
153 patches before subdivision
8163 patches after subdivision
0 direct lights
0...1...2...3...4...5...6...7...8...9...100...1...2...3...4...5...6...7...8...9...10transfers 144352, max 207
transfer lists:   1.1 megs
0...1...2...3...4...5...6...7...8...9...10	Bounce #1 added RGB(0, 0, 0)
Build Patch/Sample Hash Table(s).....Done<0.0013 sec>
0...1...2...3...4...5...6...7...8...9...10FinalLightFace Done
0 of 0 (0% of) surface lights went in leaf ambient cubes.
0...1...2...3...4...5...6...7...8...9...10Writing leaf ambient...done
Ready to Finish

Object names       Objects/Maxobjs  Memory / Maxmem  Fullness 
------------       ---------------  ---------------  -------- 
models                   1/4096           48/196608   ( 0.0%) 
brushes                 14/16384         168/196608   ( 0.1%) 
brushsides              86/163840        688/1310720  ( 0.1%) 
planes                  86/65536        1720/1310720  ( 0.1%) 
vertexes               226/65536        2712/786432   ( 0.3%) 
nodes                  107/65536        3424/2097152  ( 0.2%) 
texinfos                 9/12288         648/884736   ( 0.1%) 
texdata                  4/2048          128/65536    ( 0.2%) 
dispinfos                0/0               0/0        ( 0.0%) 
disp_verts               0/0               0/0        ( 0.0%) 
disp_tris                0/0               0/0        ( 0.0%) 
disp_lmsamples           0/0               0/0        ( 0.0%) 
faces                  153/65536        8568/3670016  ( 0.2%) 
hdr faces                0/65536           0/3670016  ( 0.0%) 
origfaces               33/65536        1848/3670016  ( 0.1%) 
leaves                 109/65536        3488/2097152  ( 0.2%) 
leaffaces              173/65536         346/131072   ( 0.3%) 
leafbrushes             57/65536         114/131072   ( 0.1%) 
areas                    2/1024           16/8192     ( 0.2%) 
surfedges              810/512000       3240/2048000  ( 0.2%) 
edges                  442/256000       1768/1024000  ( 0.2%) 
LDR worldlights          0/8192            0/720896   ( 0.0%) 
HDR worldlights          0/8192            0/720896   ( 0.0%) 
leafwaterdata            0/32768           0/393216   ( 0.0%) 
waterstrips             12/32768         120/327680   ( 0.0%) 
waterverts               0/65536           0/786432   ( 0.0%) 
waterindices           147/65536         294/131072   ( 0.2%) 
cubemapsamples           0/1024            0/16384    ( 0.0%) 
overlays                 0/1024            0/360448   ( 0.0%) 
LDR lightdata         [variable]      232648/0        ( 0.0%) 
HDR lightdata         [variable]           0/0        ( 0.0%) 
visdata               [variable]         689/16777216 ( 0.0%) 
entdata               [variable]        1203/393216   ( 0.3%) 
LDR ambient table      109/65536         436/262144   ( 0.2%) 
HDR ambient table      109/65536         436/262144   ( 0.2%) 
LDR leaf ambient        38/65536        1064/1835008  ( 0.1%) 
HDR leaf ambient       109/65536        3052/1835008  ( 0.2%) 
occluders                0/0               0/0        ( 0.0%) 
occluder polygons        0/0               0/0        ( 0.0%) 
occluder vert ind        0/0               0/0        ( 0.0%) 
detail props          [variable]           1/12       ( 8.3%) 
static props          [variable]           1/408      ( 0.2%) 
pakfile               [variable]      211493/0        ( 0.0%) 
physics               [variable]        5171/4194304  ( 0.1%) 
physics terrain       [variable]           2/1048576  ( 0.0%) 

Level flags = 0

Total triangle count: 374
Writing d:\projects\2021\garrys mod\stream map\test.bsp
0 seconds elapsed
